<p>Az se kazvam Todor</p>
<p>Razpolagam sus:</p>
<p><span>1</span>.Qbulki</p>
<p><span>2</span>.Krushi</p>
<p><span>3</span>.Morkovi</p>