<p>This is mambo Number 1</p>
<p>This is mambo Number 2</p>
<p>This is mambo Number 3</p>
<p>This is mambo Number 4</p>
<p>This is mambo Number 5</p>